uic groups.ui
uic orderandprops.ui
compiling config.cc
compiling sources.cc
compiling main.cc
compiling bgl.cc
compiling stardict.cc
compiling lsa.cc
compiling xdxf2html.cc
compiling dsl.cc
compiling dsl_details.cc
compiling fsencoding.cc
compiling groups.cc
config.cc:110:14: warning: 'operator int' is deprecated: Use QKeyCombination instead of int [-Wdeprecated-declarations]
  110 |   modifiers( seq[ 0 ] & ~keyMask ),
      |              ^
/opt/homebrew/lib/QtCore.framework/Headers/qnamespace.h:1940:5: note: 'operator int' has been explicitly marked deprecated here
 1940 |     QT_DEPRECATED_VERSION_X(6, 0, "Use QKeyCombination instead of int")
      |     ^
/opt/homebrew/lib/QtCore.framework/Headers/qtdeprecationmarkers.h:261:53: note: expanded from macro 'QT_DEPRECATED_VERSION_X'
  261 | #define QT_DEPRECATED_VERSION_X(major, minor, text) QT_DEPRECATED_VERSION_X_##major##_##minor(text)
      |                                                     ^
<scratch space>:15:1: note: expanded from here
   15 | QT_DEPRECATED_VERSION_X_6_0
      | ^
/opt/homebrew/lib/QtCore.framework/Headers/qtdeprecationmarkers.h:141:44: note: expanded from macro 'QT_DEPRECATED_VERSION_X_6_0'
  141 | # define QT_DEPRECATED_VERSION_X_6_0(text) QT_DEPRECATED_X(text)
      |                                            ^
/opt/homebrew/lib/QtCore.framework/Headers/qtdeprecationmarkers.h:29:33: note: expanded from macro 'QT_DEPRECATED_X'
   29 | #  define QT_DEPRECATED_X(text) Q_DECL_DEPRECATED_X(text)
      |                                 ^
/opt/homebrew/lib/QtCore.framework/Headers/qcompilerdetection.h:1011:36: note: expanded from macro 'Q_DECL_DEPRECATED_X'
 1011 | #  define Q_DECL_DEPRECATED_X(x) [[deprecated(x)]]
      |                                    ^
config.cc:111:9: warning: 'operator int' is deprecated: Use QKeyCombination instead of int [-Wdeprecated-declarations]
  111 |   key1( seq[ 0 ] & keyMask ),
      |         ^
/opt/homebrew/lib/QtCore.framework/Headers/qnamespace.h:1940:5: note: 'operator int' has been explicitly marked deprecated here
 1940 |     QT_DEPRECATED_VERSION_X(6, 0, "Use QKeyCombination instead of int")
      |     ^
/opt/homebrew/lib/QtCore.framework/Headers/qtdeprecationmarkers.h:261:53: note: expanded from macro 'QT_DEPRECATED_VERSION_X'
  261 | #define QT_DEPRECATED_VERSION_X(major, minor, text) QT_DEPRECATED_VERSION_X_##major##_##minor(text)
      |                                                     ^
<scratch space>:15:1: note: expanded from here
   15 | QT_DEPRECATED_VERSION_X_6_0
      | ^
/opt/homebrew/lib/QtCore.framework/Headers/qtdeprecationmarkers.h:141:44: note: expanded from macro 'QT_DEPRECATED_VERSION_X_6_0'
  141 | # define QT_DEPRECATED_VERSION_X_6_0(text) QT_DEPRECATED_X(text)
      |                                            ^
/opt/homebrew/lib/QtCore.framework/Headers/qtdeprecationmarkers.h:29:33: note: expanded from macro 'QT_DEPRECATED_X'
   29 | #  define QT_DEPRECATED_X(text) Q_DECL_DEPRECATED_X(text)
      |                                 ^
/opt/homebrew/lib/QtCore.framework/Headers/qcompilerdetection.h:1011:36: note: expanded from macro 'Q_DECL_DEPRECATED_X'
 1011 | #  define Q_DECL_DEPRECATED_X(x) [[deprecated(x)]]
      |                                    ^
config.cc:112:9: warning: 'operator int' is deprecated: Use QKeyCombination instead of int [-Wdeprecated-declarations]
  112 |   key2( seq[ 1 ] & keyMask )
      |         ^
/opt/homebrew/lib/QtCore.framework/Headers/qnamespace.h:1940:5: note: 'operator int' has been explicitly marked deprecated here
 1940 |     QT_DEPRECATED_VERSION_X(6, 0, "Use QKeyCombination instead of int")
      |     ^
/opt/homebrew/lib/QtCore.framework/Headers/qtdeprecationmarkers.h:261:53: note: expanded from macro 'QT_DEPRECATED_VERSION_X'
  261 | #define QT_DEPRECATED_VERSION_X(major, minor, text) QT_DEPRECATED_VERSION_X_##major##_##minor(text)
      |                                                     ^
<scratch space>:15:1: note: expanded from here
   15 | QT_DEPRECATED_VERSION_X_6_0
      | ^
/opt/homebrew/lib/QtCore.framework/Headers/qtdeprecationmarkers.h:141:44: note: expanded from macro 'QT_DEPRECATED_VERSION_X_6_0'
  141 | # define QT_DEPRECATED_VERSION_X_6_0(text) QT_DEPRECATED_X(text)
      |                                            ^
/opt/homebrew/lib/QtCore.framework/Headers/qtdeprecationmarkers.h:29:33: note: expanded from macro 'QT_DEPRECATED_X'
   29 | #  define QT_DEPRECATED_X(text) Q_DECL_DEPRECATED_X(text)
      |                                 ^
/opt/homebrew/lib/QtCore.framework/Headers/qcompilerdetection.h:1011:36: note: expanded from macro 'Q_DECL_DEPRECATED_X'
 1011 | #  define Q_DECL_DEPRECATED_X(x) [[deprecated(x)]]
      |                                    ^
config.cc:192:14: warning: format specifies type 'int' but the argument has type 'qsizetype' (aka 'long long') [-Wformat]
  191 |     gdDebug( "Ignoring an input phrase %d symbols long. The configured maximum input phrase length is %d symbols.",
      |                                        ~~
      |                                        %lld
  192 |              inputPhrase.size(), inputPhraseLengthLimit );
      |              ^~~~~~~~~~~~~~~~~~
config.cc:564:14: warning: 'setContent' is deprecated: Use the overload taking ParseOptions instead. [-Wdeprecated-declarations]
  564 |     if ( !dd.setContent( &configFile, false, &errorStr, &errorLine, &errorColumn  ) )
      |              ^
/opt/homebrew/lib/QtXml.framework/Headers/qdom.h:399:5: note: 'setContent' has been explicitly marked deprecated here
  399 |     QT_DEPRECATED_VERSION_X_6_8("Use the overload taking ParseOptions instead.")
      |     ^
/opt/homebrew/lib/QtCore.framework/Headers/qtdeprecationmarkers.h:205:44: note: expanded from macro 'QT_DEPRECATED_VERSION_X_6_8'
  205 | # define QT_DEPRECATED_VERSION_X_6_8(text) QT_DEPRECATED_X(text)
      |                                            ^
/opt/homebrew/lib/QtCore.framework/Headers/qtdeprecationmarkers.h:29:33: note: expanded from macro 'QT_DEPRECATED_X'
   29 | #  define QT_DEPRECATED_X(text) Q_DECL_DEPRECATED_X(text)
      |                                 ^
/opt/homebrew/lib/QtCore.framework/Headers/qcompilerdetection.h:1011:36: note: expanded from macro 'Q_DECL_DEPRECATED_X'
 1011 | #  define Q_DECL_DEPRECATED_X(x) [[deprecated(x)]]
      |                                    ^
config.cc:579:14: warning: 'setContent' is deprecated: Use the overload taking ParseOptions instead. [-Wdeprecated-declarations]
  579 |     if ( !dd.setContent( &bufferedData, false, &errorStr, &errorLine, &errorColumn  ) )
      |              ^
/opt/homebrew/lib/QtXml.framework/Headers/qdom.h:399:5: note: 'setContent' has been explicitly marked deprecated here
  399 |     QT_DEPRECATED_VERSION_X_6_8("Use the overload taking ParseOptions instead.")
      |     ^
/opt/homebrew/lib/QtCore.framework/Headers/qtdeprecationmarkers.h:205:44: note: expanded from macro 'QT_DEPRECATED_VERSION_X_6_8'
  205 | # define QT_DEPRECATED_VERSION_X_6_8(text) QT_DEPRECATED_X(text)
      |                                            ^
/opt/homebrew/lib/QtCore.framework/Headers/qtdeprecationmarkers.h:29:33: note: expanded from macro 'QT_DEPRECATED_X'
   29 | #  define QT_DEPRECATED_X(text) Q_DECL_DEPRECATED_X(text)
      |                                 ^
/opt/homebrew/lib/QtCore.framework/Headers/qcompilerdetection.h:1011:36: note: expanded from macro 'Q_DECL_DEPRECATED_X'
 1011 | #  define Q_DECL_DEPRECATED_X(x) [[deprecated(x)]]
      |                                    ^
xdxf2html.cc:137:11: warning: 'setContent' is deprecated: Use the overload taking ParseOptions instead. [-Wdeprecated-declarations]
  137 |   if( !dd.setContent( QByteArray( in_data.c_str() ), false, &errorStr, &errorLine, &errorColumn  ) )
      |           ^
/opt/homebrew/lib/QtXml.framework/Headers/qdom.h:395:5: note: 'setContent' has been explicitly marked deprecated here
  395 |     QT_DEPRECATED_VERSION_X_6_8("Use the overload taking ParseOptions instead.")
      |     ^
/opt/homebrew/lib/QtCore.framework/Headers/qtdeprecationmarkers.h:205:44: note: expanded from macro 'QT_DEPRECATED_VERSION_X_6_8'
  205 | # define QT_DEPRECATED_VERSION_X_6_8(text) QT_DEPRECATED_X(text)
      |                                            ^
/opt/homebrew/lib/QtCore.framework/Headers/qtdeprecationmarkers.h:29:33: note: expanded from macro 'QT_DEPRECATED_X'
   29 | #  define QT_DEPRECATED_X(text) Q_DECL_DEPRECATED_X(text)
      |                                 ^
/opt/homebrew/lib/QtCore.framework/Headers/qcompilerdetection.h:1011:36: note: expanded from macro 'Q_DECL_DEPRECATED_X'
 1011 | #  define Q_DECL_DEPRECATED_X(x) [[deprecated(x)]]
      |                                    ^
bgl.cc:830:10: warning: 'addData' is deprecated: Use the QByteArrayView overload instead [-Wdeprecated-declarations]
  830 |     hash.addData( targetHeadword.data(), targetHeadword.size() + 1 ); // with 0
      |          ^
/opt/homebrew/lib/QtCore.framework/Headers/qcryptographichash.h:75:5: note: 'addData' has been explicitly marked deprecated here
   75 |     QT_DEPRECATED_VERSION_X_6_4("Use the QByteArrayView overload instead")
      |     ^
/opt/homebrew/lib/QtCore.framework/Headers/qtdeprecationmarkers.h:173:44: note: expanded from macro 'QT_DEPRECATED_VERSION_X_6_4'
  173 | # define QT_DEPRECATED_VERSION_X_6_4(text) QT_DEPRECATED_X(text)
      |                                            ^
/opt/homebrew/lib/QtCore.framework/Headers/qtdeprecationmarkers.h:29:33: note: expanded from macro 'QT_DEPRECATED_X'
   29 | #  define QT_DEPRECATED_X(text) Q_DECL_DEPRECATED_X(text)
      |                                 ^
/opt/homebrew/lib/QtCore.framework/Headers/qcompilerdetection.h:1011:36: note: expanded from macro 'Q_DECL_DEPRECATED_X'
 1011 | #  define Q_DECL_DEPRECATED_X(x) [[deprecated(x)]]
      |                                    ^
bgl.cc:831:10: warning: 'addData' is deprecated: Use the QByteArrayView overload instead [-Wdeprecated-declarations]
  831 |     hash.addData( articleText.data(), articleText.size() );
      |          ^
/opt/homebrew/lib/QtCore.framework/Headers/qcryptographichash.h:75:5: note: 'addData' has been explicitly marked deprecated here
   75 |     QT_DEPRECATED_VERSION_X_6_4("Use the QByteArrayView overload instead")
      |     ^
/opt/homebrew/lib/QtCore.framework/Headers/qtdeprecationmarkers.h:173:44: note: expanded from macro 'QT_DEPRECATED_VERSION_X_6_4'
  173 | # define QT_DEPRECATED_VERSION_X_6_4(text) QT_DEPRECATED_X(text)
      |                                            ^
/opt/homebrew/lib/QtCore.framework/Headers/qtdeprecationmarkers.h:29:33: note: expanded from macro 'QT_DEPRECATED_X'
   29 | #  define QT_DEPRECATED_X(text) Q_DECL_DEPRECATED_X(text)
      |                                 ^
/opt/homebrew/lib/QtCore.framework/Headers/qcompilerdetection.h:1011:36: note: expanded from macro 'Q_DECL_DEPRECATED_X'
 1011 | #  define Q_DECL_DEPRECATED_X(x) [[deprecated(x)]]
      |                                    ^
sources.cc:44:48: warning: 'Int' is deprecated: Use QMetaType::Type instead. [-Wdeprecated-declarations]
   44 |   itemEditorFactory->registerEditor( QVariant::Int, programTypeEditorCreator );
      |                                                ^
/opt/homebrew/lib/QtCore.framework/Headers/qvariant.h:156:10: note: 'Type' has been explicitly marked deprecated here
  156 |     enum QT_DEPRECATED_VERSION_X_6_0("Use QMetaType::Type instead.") Type
      |          ^
/opt/homebrew/lib/QtCore.framework/Headers/qtdeprecationmarkers.h:141:44: note: expanded from macro 'QT_DEPRECATED_VERSION_X_6_0'
  141 | # define QT_DEPRECATED_VERSION_X_6_0(text) QT_DEPRECATED_X(text)
      |                                            ^
/opt/homebrew/lib/QtCore.framework/Headers/qtdeprecationmarkers.h:29:33: note: expanded from macro 'QT_DEPRECATED_X'
   29 | #  define QT_DEPRECATED_X(text) Q_DECL_DEPRECATED_X(text)
      |                                 ^
/opt/homebrew/lib/QtCore.framework/Headers/qcompilerdetection.h:1011:36: note: expanded from macro 'Q_DECL_DEPRECATED_X'
 1011 | #  define Q_DECL_DEPRECATED_X(x) [[deprecated(x)]]
      |                                    ^
dsl.cc:135:3: warning: definition of implicit copy assignment operator for 'InsidedCard' is deprecated because it has a user-provided copy constructor [-Wdeprecated-copy-with-user-provided-copy]
  135 |   InsidedCard( InsidedCard const & e ) :
      |   ^
/opt/homebrew/lib/QtCore.framework/Headers/qcontainertools_impl.h:213:18: note: in implicit copy assignment operator for 'Dsl::(anonymous namespace)::InsidedCard' first required here
  213 |         *d_first = std::move_if_noexcept(*first);
      |                  ^
/opt/homebrew/lib/QtCore.framework/Headers/qcontainertools_impl.h:248:13: note: in instantiation of function template specialization 'QtPrivate::q_relocate_overlap_n_left_move<Dsl::(anonymous namespace)::InsidedCard *, long long>' requested here
  248 |             q_relocate_overlap_n_left_move(first, n, d_first);
      |             ^
/opt/homebrew/lib/QtCore.framework/Headers/qarraydatapointer.h:316:20: note: in instantiation of function template specialization 'QtPrivate::q_relocate_overlap_n<Dsl::(anonymous namespace)::InsidedCard, long long>' requested here
  316 |         QtPrivate::q_relocate_overlap_n(this->ptr, this->size, res);
      |                    ^
/opt/homebrew/lib/QtCore.framework/Headers/qarraydatapointer.h:301:9: note: in instantiation of member function 'QArrayDataPointer<Dsl::(anonymous namespace)::InsidedCard>::relocate' requested here
  301 |         relocate(dataStartOffset - freeAtBegin, data);
      |         ^
/opt/homebrew/lib/QtCore.framework/Headers/qarraydatapointer.h:202:26: note: in instantiation of member function 'QArrayDataPointer<Dsl::(anonymous namespace)::InsidedCard>::tryReadjustFreeSpace' requested here
  202 |             readjusted = tryReadjustFreeSpace(where, n, data);
      |                          ^
/opt/homebrew/lib/QtCore.framework/Headers/qarraydataops.h:549:15: note: in instantiation of member function 'QArrayDataPointer<Dsl::(anonymous namespace)::InsidedCard>::detachAndGrow' requested here
  549 |         this->detachAndGrow(pos, 1, nullptr, nullptr);
      |               ^
/opt/homebrew/lib/QtCore.framework/Headers/qlist.h:944:8: note: in instantiation of function template specialization 'QtPrivate::QGenericArrayOps<Dsl::(anonymous namespace)::InsidedCard>::emplace<Dsl::(anonymous namespace)::InsidedCard>' requested here
  944 |     d->emplace(d->size, std::forward<Args>(args)...);
      |        ^
/opt/homebrew/lib/QtCore.framework/Headers/qlist.h:520:13: note: in instantiation of function template specialization 'QList<Dsl::(anonymous namespace)::InsidedCard>::emplaceBack<Dsl::(anonymous namespace)::InsidedCard>' requested here
  520 |             emplaceBack(std::move(t));
      |             ^
dsl.cc:2422:30: note: in instantiation of member function 'QList<Dsl::(anonymous namespace)::InsidedCard>::append' requested here
 2422 |                 insidedCards.append( InsidedCard( offset, curOffset - offset, insidedHeadwords ) );
      |                              ^
compiling groups_widgets.cc
compiling instances.cc
1 warning generated.
compiling article_maker.cc
main.cc:462:38: warning: 'location' is deprecated: Use path() [-Wdeprecated-declarations]
  462 |                        QLibraryInfo::location( QLibraryInfo::TranslationsPath ) );
      |                                      ^
/opt/homebrew/lib/QtCore.framework/Headers/qlibraryinfo.h:48:5: note: 'location' has been explicitly marked deprecated here
   48 |     QT_DEPRECATED_VERSION_X_6_0("Use path()")
      |     ^
/opt/homebrew/lib/QtCore.framework/Headers/qtdeprecationmarkers.h:141:44: note: expanded from macro 'QT_DEPRECATED_VERSION_X_6_0'
  141 | # define QT_DEPRECATED_VERSION_X_6_0(text) QT_DEPRECATED_X(text)
      |                                            ^
/opt/homebrew/lib/QtCore.framework/Headers/qtdeprecationmarkers.h:29:33: note: expanded from macro 'QT_DEPRECATED_X'
   29 | #  define QT_DEPRECATED_X(text) Q_DECL_DEPRECATED_X(text)
      |                                 ^
/opt/homebrew/lib/QtCore.framework/Headers/qcompilerdetection.h:1011:36: note: expanded from macro 'Q_DECL_DEPRECATED_X'
 1011 | #  define Q_DECL_DEPRECATED_X(x) [[deprecated(x)]]
      |                                    ^
main.cc:461:5: warning: ignoring return value of function declared with 'nodiscard' attribute [-Wunused-result]
  461 |     qtTranslator.load( "qt_" + localeName,
      |     ^~~~~~~~~~~~~~~~~
main.cc:468:3: warning: ignoring return value of function declared with 'nodiscard' attribute [-Wunused-result]
  468 |   translator.load( Config::getLocDir() + "/" + localeName );
      |   ^~~~~~~~~~~~~~~
main.cc:540:5: warning: ignoring return value of function declared with 'nodiscard' attribute [-Wunused-result]
  540 |     logFilePtr->open( QFile::ReadWrite );
      |     ^~~~~~~~~~~~~~~~  ~~~~~~~~~~~~~~~~
main.cc:573:48: warning: 'location' is deprecated: Use path() [-Wdeprecated-declarations]
  573 |                                  QLibraryInfo::location( QLibraryInfo::TranslationsPath ) );
      |                                                ^
/opt/homebrew/lib/QtCore.framework/Headers/qlibraryinfo.h:48:5: note: 'location' has been explicitly marked deprecated here
   48 |     QT_DEPRECATED_VERSION_X_6_0("Use path()")
      |     ^
/opt/homebrew/lib/QtCore.framework/Headers/qtdeprecationmarkers.h:141:44: note: expanded from macro 'QT_DEPRECATED_VERSION_X_6_0'
  141 | # define QT_DEPRECATED_VERSION_X_6_0(text) QT_DEPRECATED_X(text)
      |                                            ^
/opt/homebrew/lib/QtCore.framework/Headers/qtdeprecationmarkers.h:29:33: note: expanded from macro 'QT_DEPRECATED_X'
   29 | #  define QT_DEPRECATED_X(text) Q_DECL_DEPRECATED_X(text)
      |                                 ^
/opt/homebrew/lib/QtCore.framework/Headers/qcompilerdetection.h:1011:36: note: expanded from macro 'Q_DECL_DEPRECATED_X'
 1011 | #  define Q_DECL_DEPRECATED_X(x) [[deprecated(x)]]
      |                                    ^
main.cc:572:7: warning: ignoring return value of function declared with 'nodiscard' attribute [-Wunused-result]
  572 |       qtTranslator.load( "qt_" + localeName,
      |       ^~~~~~~~~~~~~~~~~
main.cc:575:5: warning: ignoring return value of function declared with 'nodiscard' attribute [-Wunused-result]
  575 |     translator.load( Config::getLocDir() + "/" + localeName );
      |     ^~~~~~~~~~~~~~~
2 warnings generated.
compiling scanpopup.cc
1 warning generated.
compiling articleview.cc
7 warnings generated.
compiling audioplayerfactory.cc
compiling multimediaaudioplayer.cc
1 warning generated.
compiling externalaudioplayer.cc
compiling externalviewer.cc
compiling wordfinder.cc
6 warnings generated.
compiling groupcombobox.cc
audioplayerfactory.cc:78:35: warning: 'take' is deprecated: Use std::unique_ptr instead, and call release(). [-Wdeprecated-declarations]
   78 |   playerPtr.reset( externalPlayer.take() );
      |                                   ^
/opt/homebrew/lib/QtCore.framework/Headers/qscopedpointer.h:129:5: note: 'take' has been explicitly marked deprecated here
  129 |     QT_DEPRECATED_VERSION_X_6_1("Use std::unique_ptr instead, and call release().")
      |     ^
/opt/homebrew/lib/QtCore.framework/Headers/qtdeprecationmarkers.h:149:44: note: expanded from macro 'QT_DEPRECATED_VERSION_X_6_1'
  149 | # define QT_DEPRECATED_VERSION_X_6_1(text) QT_DEPRECATED_X(text)
      |                                            ^
/opt/homebrew/lib/QtCore.framework/Headers/qtdeprecationmarkers.h:29:33: note: expanded from macro 'QT_DEPRECATED_X'
   29 | #  define QT_DEPRECATED_X(text) Q_DECL_DEPRECATED_X(text)
      |                                 ^
/opt/homebrew/lib/QtCore.framework/Headers/qcompilerdetection.h:1011:36: note: expanded from macro 'Q_DECL_DEPRECATED_X'
 1011 | #  define Q_DECL_DEPRECATED_X(x) [[deprecated(x)]]
      |                                    ^
1 warning generated.
article_maker.cc:57:5: warning: ignoring return value of function declared with 'nodiscard' attribute [-Wunused-result]
   57 |     builtInCssFile.open( QFile::ReadOnly );
      |     ^~~~~~~~~~~~~~~~~~~  ~~~~~~~~~~~~~~~
compiling keyboardstate.cc
article_maker.cc:72:7: warning: ignoring return value of function declared with 'nodiscard' attribute [-Wunused-result]
   72 |       builtInCssFile.open( QFile::ReadOnly );
      |       ^~~~~~~~~~~~~~~~~~~  ~~~~~~~~~~~~~~~
article_maker.cc:130:5: warning: ignoring return value of function declared with 'nodiscard' attribute [-Wunused-result]
  130 |     builtInCssFile.open( QFile::ReadOnly );
      |     ^~~~~~~~~~~~~~~~~~~  ~~~~~~~~~~~~~~~
externalaudioplayer.cc:18:39: warning: 'take' is deprecated: Use std::unique_ptr instead, and call release(). [-Wdeprecated-declarations]
   18 |   stopAndDestroySynchronously( viewer.take() );
      |                                       ^
/opt/homebrew/lib/QtCore.framework/Headers/qscopedpointer.h:129:5: note: 'take' has been explicitly marked deprecated here
  129 |     QT_DEPRECATED_VERSION_X_6_1("Use std::unique_ptr instead, and call release().")
      |     ^
/opt/homebrew/lib/QtCore.framework/Headers/qtdeprecationmarkers.h:149:44: note: expanded from macro 'QT_DEPRECATED_VERSION_X_6_1'
  149 | # define QT_DEPRECATED_VERSION_X_6_1(text) QT_DEPRECATED_X(text)
      |                                            ^
/opt/homebrew/lib/QtCore.framework/Headers/qtdeprecationmarkers.h:29:33: note: expanded from macro 'QT_DEPRECATED_X'
   29 | #  define QT_DEPRECATED_X(text) Q_DECL_DEPRECATED_X(text)
      |                                 ^
/opt/homebrew/lib/QtCore.framework/Headers/qcompilerdetection.h:1011:36: note: expanded from macro 'Q_DECL_DEPRECATED_X'
 1011 | #  define Q_DECL_DEPRECATED_X(x) [[deprecated(x)]]
      |                                    ^
externalaudioplayer.cc:61:28: warning: 'take' is deprecated: Use std::unique_ptr instead, and call release(). [-Wdeprecated-declarations]
   61 |     exitingViewer = viewer.take();
      |                            ^
/opt/homebrew/lib/QtCore.framework/Headers/qscopedpointer.h:129:5: note: 'take' has been explicitly marked deprecated here
  129 |     QT_DEPRECATED_VERSION_X_6_1("Use std::unique_ptr instead, and call release().")
      |     ^
/opt/homebrew/lib/QtCore.framework/Headers/qtdeprecationmarkers.h:149:44: note: expanded from macro 'QT_DEPRECATED_VERSION_X_6_1'
  149 | # define QT_DEPRECATED_VERSION_X_6_1(text) QT_DEPRECATED_X(text)
      |                                            ^
/opt/homebrew/lib/QtCore.framework/Headers/qtdeprecationmarkers.h:29:33: note: expanded from macro 'QT_DEPRECATED_X'
   29 | #  define QT_DEPRECATED_X(text) Q_DECL_DEPRECATED_X(text)
      |                                 ^
/opt/homebrew/lib/QtCore.framework/Headers/qcompilerdetection.h:1011:36: note: expanded from macro 'Q_DECL_DEPRECATED_X'
 1011 | #  define Q_DECL_DEPRECATED_X(x) [[deprecated(x)]]
      |                                    ^
externalaudioplayer.cc:81:12: warning: 'take' is deprecated: Use std::unique_ptr instead, and call release(). [-Wdeprecated-declarations]
   81 |     viewer.take(); // viewer finished and died -> release ownership.
      |            ^
/opt/homebrew/lib/QtCore.framework/Headers/qscopedpointer.h:129:5: note: 'take' has been explicitly marked deprecated here
  129 |     QT_DEPRECATED_VERSION_X_6_1("Use std::unique_ptr instead, and call release().")
      |     ^
/opt/homebrew/lib/QtCore.framework/Headers/qtdeprecationmarkers.h:149:44: note: expanded from macro 'QT_DEPRECATED_VERSION_X_6_1'
  149 | # define QT_DEPRECATED_VERSION_X_6_1(text) QT_DEPRECATED_X(text)
      |                                            ^
/opt/homebrew/lib/QtCore.framework/Headers/qtdeprecationmarkers.h:29:33: note: expanded from macro 'QT_DEPRECATED_X'
   29 | #  define QT_DEPRECATED_X(text) Q_DECL_DEPRECATED_X(text)
      |                                 ^
/opt/homebrew/lib/QtCore.framework/Headers/qcompilerdetection.h:1011:36: note: expanded from macro 'Q_DECL_DEPRECATED_X'
 1011 | #  define Q_DECL_DEPRECATED_X(x) [[deprecated(x)]]
      |                                    ^
3 warnings generated.
compiling mouseover.cc
compiling preferences.cc
compiling mutex.cc
3 warnings generated.
compiling mediawiki.cc
compiling sounddir.cc
compiling hunspell.cc
scanpopup.cc:917:37: warning: 'globalPos' is deprecated: Use globalPosition() [-Wdeprecated-declarations]
  917 |       reactOnMouseMove( mouseEvent->globalPos() );
      |                                     ^
/opt/homebrew/lib/QtGui.framework/Headers/qevent.h:224:5: note: 'globalPos' has been explicitly marked deprecated here
  224 |     QT_DEPRECATED_VERSION_X_6_0("Use globalPosition()")
      |     ^
/opt/homebrew/lib/QtCore.framework/Headers/qtdeprecationmarkers.h:141:44: note: expanded from macro 'QT_DEPRECATED_VERSION_X_6_0'
  141 | # define QT_DEPRECATED_VERSION_X_6_0(text) QT_DEPRECATED_X(text)
      |                                            ^
/opt/homebrew/lib/QtCore.framework/Headers/qtdeprecationmarkers.h:29:33: note: expanded from macro 'QT_DEPRECATED_X'
   29 | #  define QT_DEPRECATED_X(text) Q_DECL_DEPRECATED_X(text)
      |                                 ^
/opt/homebrew/lib/QtCore.framework/Headers/qcompilerdetection.h:1011:36: note: expanded from macro 'Q_DECL_DEPRECATED_X'
 1011 | #  define Q_DECL_DEPRECATED_X(x) [[deprecated(x)]]
      |                                    ^
scanpopup.cc:969:39: warning: 'globalPos' is deprecated: Use globalPosition() [-Wdeprecated-declarations]
  969 |   if ( !frameGeometry().contains( ev->globalPos() ) )
      |                                       ^
/opt/homebrew/lib/QtGui.framework/Headers/qevent.h:224:5: note: 'globalPos' has been explicitly marked deprecated here
  224 |     QT_DEPRECATED_VERSION_X_6_0("Use globalPosition()")
      |     ^
/opt/homebrew/lib/QtCore.framework/Headers/qtdeprecationmarkers.h:141:44: note: expanded from macro 'QT_DEPRECATED_VERSION_X_6_0'
  141 | # define QT_DEPRECATED_VERSION_X_6_0(text) QT_DEPRECATED_X(text)
      |                                            ^
/opt/homebrew/lib/QtCore.framework/Headers/qtdeprecationmarkers.h:29:33: note: expanded from macro 'QT_DEPRECATED_X'
   29 | #  define QT_DEPRECATED_X(text) Q_DECL_DEPRECATED_X(text)
      |                                 ^
/opt/homebrew/lib/QtCore.framework/Headers/qcompilerdetection.h:1011:36: note: expanded from macro 'Q_DECL_DEPRECATED_X'
 1011 | #  define Q_DECL_DEPRECATED_X(x) [[deprecated(x)]]
      |                                    ^
scanpopup.cc:978:20: warning: 'globalPos' is deprecated: Use globalPosition() [-Wdeprecated-declarations]
  978 |     startPos = ev->globalPos();
      |                    ^
/opt/homebrew/lib/QtGui.framework/Headers/qevent.h:224:5: note: 'globalPos' has been explicitly marked deprecated here
  224 |     QT_DEPRECATED_VERSION_X_6_0("Use globalPosition()")
      |     ^
/opt/homebrew/lib/QtCore.framework/Headers/qtdeprecationmarkers.h:141:44: note: expanded from macro 'QT_DEPRECATED_VERSION_X_6_0'
  141 | # define QT_DEPRECATED_VERSION_X_6_0(text) QT_DEPRECATED_X(text)
      |                                            ^
/opt/homebrew/lib/QtCore.framework/Headers/qtdeprecationmarkers.h:29:33: note: expanded from macro 'QT_DEPRECATED_X'
   29 | #  define QT_DEPRECATED_X(text) Q_DECL_DEPRECATED_X(text)
      |                                 ^
/opt/homebrew/lib/QtCore.framework/Headers/qcompilerdetection.h:1011:36: note: expanded from macro 'Q_DECL_DEPRECATED_X'
 1011 | #  define Q_DECL_DEPRECATED_X(x) [[deprecated(x)]]
      |                                    ^
scanpopup.cc:989:28: warning: 'globalPos' is deprecated: Use globalPosition() [-Wdeprecated-declarations]
  989 |     QPoint newPos = event->globalPos();
      |                            ^
/opt/homebrew/lib/QtGui.framework/Headers/qevent.h:224:5: note: 'globalPos' has been explicitly marked deprecated here
  224 |     QT_DEPRECATED_VERSION_X_6_0("Use globalPosition()")
      |     ^
/opt/homebrew/lib/QtCore.framework/Headers/qtdeprecationmarkers.h:141:44: note: expanded from macro 'QT_DEPRECATED_VERSION_X_6_0'
  141 | # define QT_DEPRECATED_VERSION_X_6_0(text) QT_DEPRECATED_X(text)
      |                                            ^
/opt/homebrew/lib/QtCore.framework/Headers/qtdeprecationmarkers.h:29:33: note: expanded from macro 'QT_DEPRECATED_X'
   29 | #  define QT_DEPRECATED_X(text) Q_DECL_DEPRECATED_X(text)
      |                                 ^
/opt/homebrew/lib/QtCore.framework/Headers/qcompilerdetection.h:1011:36: note: expanded from macro 'Q_DECL_DEPRECATED_X'
 1011 | #  define Q_DECL_DEPRECATED_X(x) [[deprecated(x)]]
      |                                    ^
compiling dictdfiles.cc
articleview.cc:962:10: warning: 'type' is deprecated: Use typeId() or metaType(). [-Wdeprecated-declarations]
  962 |   if ( v.type() == QVariant::String )
      |          ^
/opt/homebrew/lib/QtCore.framework/Headers/qvariant.h:563:5: note: 'type' has been explicitly marked deprecated here
  563 |     QT_DEPRECATED_VERSION_X_6_0("Use typeId() or metaType().")
      |     ^
/opt/homebrew/lib/QtCore.framework/Headers/qtdeprecationmarkers.h:141:44: note: expanded from macro 'QT_DEPRECATED_VERSION_X_6_0'
  141 | # define QT_DEPRECATED_VERSION_X_6_0(text) QT_DEPRECATED_X(text)
      |                                            ^
/opt/homebrew/lib/QtCore.framework/Headers/qtdeprecationmarkers.h:29:33: note: expanded from macro 'QT_DEPRECATED_X'
   29 | #  define QT_DEPRECATED_X(text) Q_DECL_DEPRECATED_X(text)
      |                                 ^
/opt/homebrew/lib/QtCore.framework/Headers/qcompilerdetection.h:1011:36: note: expanded from macro 'Q_DECL_DEPRECATED_X'
 1011 | #  define Q_DECL_DEPRECATED_X(x) [[deprecated(x)]]
      |                                    ^
articleview.cc:962:30: warning: 'String' is deprecated: Use QMetaType::Type instead. [-Wdeprecated-declarations]
  962 |   if ( v.type() == QVariant::String )
      |                              ^
/opt/homebrew/lib/QtCore.framework/Headers/qvariant.h:156:10: note: 'Type' has been explicitly marked deprecated here
  156 |     enum QT_DEPRECATED_VERSION_X_6_0("Use QMetaType::Type instead.") Type
      |          ^
/opt/homebrew/lib/QtCore.framework/Headers/qtdeprecationmarkers.h:141:44: note: expanded from macro 'QT_DEPRECATED_VERSION_X_6_0'
  141 | # define QT_DEPRECATED_VERSION_X_6_0(text) QT_DEPRECATED_X(text)
      |                                            ^
/opt/homebrew/lib/QtCore.framework/Headers/qtdeprecationmarkers.h:29:33: note: expanded from macro 'QT_DEPRECATED_X'
   29 | #  define QT_DEPRECATED_X(text) Q_DECL_DEPRECATED_X(text)
      |                                 ^
/opt/homebrew/lib/QtCore.framework/Headers/qcompilerdetection.h:1011:36: note: expanded from macro 'Q_DECL_DEPRECATED_X'
 1011 | #  define Q_DECL_DEPRECATED_X(x) [[deprecated(x)]]
      |                                    ^
articleview.cc:1060:19: warning: 'type' is deprecated: Use typeId() or metaType(). [-Wdeprecated-declarations]
 1060 |       if ( result.type() == QVariant::String )
      |                   ^
/opt/homebrew/lib/QtCore.framework/Headers/qvariant.h:563:5: note: 'type' has been explicitly marked deprecated here
  563 |     QT_DEPRECATED_VERSION_X_6_0("Use typeId() or metaType().")
      |     ^
/opt/homebrew/lib/QtCore.framework/Headers/qtdeprecationmarkers.h:141:44: note: expanded from macro 'QT_DEPRECATED_VERSION_X_6_0'
  141 | # define QT_DEPRECATED_VERSION_X_6_0(text) QT_DEPRECATED_X(text)
      |                                            ^
/opt/homebrew/lib/QtCore.framework/Headers/qtdeprecationmarkers.h:29:33: note: expanded from macro 'QT_DEPRECATED_X'
   29 | #  define QT_DEPRECATED_X(text) Q_DECL_DEPRECATED_X(text)
      |                                 ^
/opt/homebrew/lib/QtCore.framework/Headers/qcompilerdetection.h:1011:36: note: expanded from macro 'Q_DECL_DEPRECATED_X'
 1011 | #  define Q_DECL_DEPRECATED_X(x) [[deprecated(x)]]
      |                                    ^
articleview.cc:1060:39: warning: 'String' is deprecated: Use QMetaType::Type instead. [-Wdeprecated-declarations]
 1060 |       if ( result.type() == QVariant::String )
      |                                       ^
/opt/homebrew/lib/QtCore.framework/Headers/qvariant.h:156:10: note: 'Type' has been explicitly marked deprecated here
  156 |     enum QT_DEPRECATED_VERSION_X_6_0("Use QMetaType::Type instead.") Type
      |          ^
compiling audiolink.cc
/opt/homebrew/lib/QtCore.framework/Headers/qtdeprecationmarkers.h:141:44: note: expanded from macro 'QT_DEPRECATED_VERSION_X_6_0'
  141 | # define QT_DEPRECATED_VERSION_X_6_0(text) QT_DEPRECATED_X(text)
      |                                            ^
/opt/homebrew/lib/QtCore.framework/Headers/qtdeprecationmarkers.h:29:33: note: expanded from macro 'QT_DEPRECATED_X'
   29 | #  define QT_DEPRECATED_X(text) Q_DECL_DEPRECATED_X(text)
      |                                 ^
/opt/homebrew/lib/QtCore.framework/Headers/qcompilerdetection.h:1011:36: note: expanded from macro 'Q_DECL_DEPRECATED_X'
 1011 | #  define Q_DECL_DEPRECATED_X(x) [[deprecated(x)]]
      |                                    ^
articleview.cc:2028:10: warning: 'type' is deprecated: Use typeId() or metaType(). [-Wdeprecated-declarations]
 2028 |   if ( v.type() == QVariant::String )
      |          ^
/opt/homebrew/lib/QtCore.framework/Headers/qvariant.h:563:5: note: 'type' has been explicitly marked deprecated here
  563 |     QT_DEPRECATED_VERSION_X_6_0("Use typeId() or metaType().")
      |     ^
/opt/homebrew/lib/QtCore.framework/Headers/qtdeprecationmarkers.h:141:44: note: expanded from macro 'QT_DEPRECATED_VERSION_X_6_0'
  141 | # define QT_DEPRECATED_VERSION_X_6_0(text) QT_DEPRECATED_X(text)
      |                                            ^
/opt/homebrew/lib/QtCore.framework/Headers/qtdeprecationmarkers.h:29:33: note: expanded from macro 'QT_DEPRECATED_X'
   29 | #  define QT_DEPRECATED_X(text) Q_DECL_DEPRECATED_X(text)
      |                                 ^
/opt/homebrew/lib/QtCore.framework/Headers/qcompilerdetection.h:1011:36: note: expanded from macro 'Q_DECL_DEPRECATED_X'
 1011 | #  define Q_DECL_DEPRECATED_X(x) [[deprecated(x)]]
      |                                    ^
articleview.cc:2028:30: warning: 'String' is deprecated: Use QMetaType::Type instead. [-Wdeprecated-declarations]
 2028 |   if ( v.type() == QVariant::String )
      |                              ^
/opt/homebrew/lib/QtCore.framework/Headers/qvariant.h:156:10: note: 'Type' has been explicitly marked deprecated here
  156 |     enum QT_DEPRECATED_VERSION_X_6_0("Use QMetaType::Type instead.") Type
      |          ^
/opt/homebrew/lib/QtCore.framework/Headers/qtdeprecationmarkers.h:141:44: note: expanded from macro 'QT_DEPRECATED_VERSION_X_6_0'
  141 | # define QT_DEPRECATED_VERSION_X_6_0(text) QT_DEPRECATED_X(text)
      |                                            ^
/opt/homebrew/lib/QtCore.framework/Headers/qtdeprecationmarkers.h:29:33: note: expanded from macro 'QT_DEPRECATED_X'
   29 | #  define QT_DEPRECATED_X(text) Q_DECL_DEPRECATED_X(text)
      |                                 ^
/opt/homebrew/lib/QtCore.framework/Headers/qcompilerdetection.h:1011:36: note: expanded from macro 'Q_DECL_DEPRECATED_X'
 1011 | #  define Q_DECL_DEPRECATED_X(x) [[deprecated(x)]]
      |                                    ^
articleview.cc:2044:10: warning: 'type' is deprecated: Use typeId() or metaType(). [-Wdeprecated-declarations]
 2044 |   if ( v.type() == QVariant::String )
      |          ^
/opt/homebrew/lib/QtCore.framework/Headers/qvariant.h:563:5: note: 'type' has been explicitly marked deprecated here
  563 |     QT_DEPRECATED_VERSION_X_6_0("Use typeId() or metaType().")
      |     ^
/opt/homebrew/lib/QtCore.framework/Headers/qtdeprecationmarkers.h:141:44: note: expanded from macro 'QT_DEPRECATED_VERSION_X_6_0'
  141 | # define QT_DEPRECATED_VERSION_X_6_0(text) QT_DEPRECATED_X(text)
      |                                            ^
/opt/homebrew/lib/QtCore.framework/Headers/qtdeprecationmarkers.h:29:33: note: expanded from macro 'QT_DEPRECATED_X'
   29 | #  define QT_DEPRECATED_X(text) Q_DECL_DEPRECATED_X(text)
      |                                 ^
/opt/homebrew/lib/QtCore.framework/Headers/qcompilerdetection.h:1011:36: note: expanded from macro 'Q_DECL_DEPRECATED_X'
 1011 | #  define Q_DECL_DEPRECATED_X(x) [[deprecated(x)]]
      |                                    ^
articleview.cc:2044:30: warning: 'String' is deprecated: Use QMetaType::Type instead. [-Wdeprecated-declarations]
 2044 |   if ( v.type() == QVariant::String )
      |                              ^
/opt/homebrew/lib/QtCore.framework/Headers/qvariant.h:156:10: note: 'Type' has been explicitly marked deprecated here
  156 |     enum QT_DEPRECATED_VERSION_X_6_0("Use QMetaType::Type instead.") Type
      |          ^
/opt/homebrew/lib/QtCore.framework/Headers/qtdeprecationmarkers.h:141:44: note: expanded from macro 'QT_DEPRECATED_VERSION_X_6_0'
  141 | # define QT_DEPRECATED_VERSION_X_6_0(text) QT_DEPRECATED_X(text)
      |                                            ^
/opt/homebrew/lib/QtCore.framework/Headers/qtdeprecationmarkers.h:29:33: note: expanded from macro 'QT_DEPRECATED_X'
   29 | #  define QT_DEPRECATED_X(text) Q_DECL_DEPRECATED_X(text)
      |                                 ^
/opt/homebrew/lib/QtCore.framework/Headers/qcompilerdetection.h:1011:36: note: expanded from macro 'Q_DECL_DEPRECATED_X'
 1011 | #  define Q_DECL_DEPRECATED_X(x) [[deprecated(x)]]
      |                                    ^
articleview.cc:2055:12: warning: 'type' is deprecated: Use typeId() or metaType(). [-Wdeprecated-declarations]
 2055 |     if ( v.type() == QVariant::String )
      |            ^
/opt/homebrew/lib/QtCore.framework/Headers/qvariant.h:563:5: note: 'type' has been explicitly marked deprecated here
  563 |     QT_DEPRECATED_VERSION_X_6_0("Use typeId() or metaType().")
      |     ^
/opt/homebrew/lib/QtCore.framework/Headers/qtdeprecationmarkers.h:141:44: note: expanded from macro 'QT_DEPRECATED_VERSION_X_6_0'
  141 | # define QT_DEPRECATED_VERSION_X_6_0(text) QT_DEPRECATED_X(text)
      |                                            ^
/opt/homebrew/lib/QtCore.framework/Headers/qtdeprecationmarkers.h:29:33: note: expanded from macro 'QT_DEPRECATED_X'
   29 | #  define QT_DEPRECATED_X(text) Q_DECL_DEPRECATED_X(text)
      |                                 ^
/opt/homebrew/lib/QtCore.framework/Headers/qcompilerdetection.h:1011:36: note: expanded from macro 'Q_DECL_DEPRECATED_X'
 1011 | #  define Q_DECL_DEPRECATED_X(x) [[deprecated(x)]]
      |                                    ^
articleview.cc:2055:32: warning: 'String' is deprecated: Use QMetaType::Type instead. [-Wdeprecated-declarations]
 2055 |     if ( v.type() == QVariant::String )
      |                                ^
/opt/homebrew/lib/QtCore.framework/Headers/qvariant.h:156:10: note: 'Type' has been explicitly marked deprecated here
  156 |     enum QT_DEPRECATED_VERSION_X_6_0("Use QMetaType::Type instead.") Type
      |          ^
/opt/homebrew/lib/QtCore.framework/Headers/qtdeprecationmarkers.h:141:44: note: expanded from macro 'QT_DEPRECATED_VERSION_X_6_0'
  141 | # define QT_DEPRECATED_VERSION_X_6_0(text) QT_DEPRECATED_X(text)
      |                                            ^
/opt/homebrew/lib/QtCore.framework/Headers/qtdeprecationmarkers.h:29:33: note: expanded from macro 'QT_DEPRECATED_X'
   29 | #  define QT_DEPRECATED_X(text) Q_DECL_DEPRECATED_X(text)
      |                                 ^
/opt/homebrew/lib/QtCore.framework/Headers/qcompilerdetection.h:1011:36: note: expanded from macro 'Q_DECL_DEPRECATED_X'
 1011 | #  define Q_DECL_DEPRECATED_X(x) [[deprecated(x)]]
      |                                    ^
articleview.cc:3276:18: warning: format specifies type 'int' but the argument has type 'qsizetype' (aka 'long long') [-Wformat]
 3275 |       gdWarning( "ArticleView::highlightFTSResults(): Too long match - skipped (matched length %i, allowed %i)",
      |                                                                                                ~~
      |                                                                                                %lli
 3276 |                  match.capturedLength(), FTS::MaxMatchLengthForHighlightResults );
      |                  ^~~~~~~~~~~~~~~~~~~~~~
compiling wstring.cc
compiling wstring_qt.cc
4 warnings generated.
compiling processwrapper.cc
compiling hotkeywrapper.cc
compiling hotkeyedit.cc
compiling langcoder.cc
mediawiki.cc:203:14: warning: 'setContent' is deprecated: Use the overload taking ParseOptions instead. [-Wdeprecated-declarations]
  203 |     if ( !dd.setContent( netReply.get(), false, &errorStr, &errorLine, &errorColumn  ) )
      |              ^
/opt/homebrew/lib/QtXml.framework/Headers/qdom.h:399:5: note: 'setContent' has been explicitly marked deprecated here
  399 |     QT_DEPRECATED_VERSION_X_6_8("Use the overload taking ParseOptions instead.")
      |     ^
/opt/homebrew/lib/QtCore.framework/Headers/qtdeprecationmarkers.h:205:44: note: expanded from macro 'QT_DEPRECATED_VERSION_X_6_8'
  205 | # define QT_DEPRECATED_VERSION_X_6_8(text) QT_DEPRECATED_X(text)
      |                                            ^
/opt/homebrew/lib/QtCore.framework/Headers/qtdeprecationmarkers.h:29:33: note: expanded from macro 'QT_DEPRECATED_X'
   29 | #  define QT_DEPRECATED_X(text) Q_DECL_DEPRECATED_X(text)
      |                                 ^
/opt/homebrew/lib/QtCore.framework/Headers/qcompilerdetection.h:1011:36: note: expanded from macro 'Q_DECL_DEPRECATED_X'
 1011 | #  define Q_DECL_DEPRECATED_X(x) [[deprecated(x)]]
      |                                    ^
mediawiki.cc:512:16: warning: 'setContent' is deprecated: Use the overload taking ParseOptions instead. [-Wdeprecated-declarations]
  512 |       if ( !dd.setContent( netReply, false, &errorStr, &errorLine, &errorColumn  ) )
      |                ^
/opt/homebrew/lib/QtXml.framework/Headers/qdom.h:399:5: note: 'setContent' has been explicitly marked deprecated here
  399 |     QT_DEPRECATED_VERSION_X_6_8("Use the overload taking ParseOptions instead.")
      |     ^
/opt/homebrew/lib/QtCore.framework/Headers/qtdeprecationmarkers.h:205:44: note: expanded from macro 'QT_DEPRECATED_VERSION_X_6_8'
  205 | # define QT_DEPRECATED_VERSION_X_6_8(text) QT_DEPRECATED_X(text)
      |                                            ^
/opt/homebrew/lib/QtCore.framework/Headers/qtdeprecationmarkers.h:29:33: note: expanded from macro 'QT_DEPRECATED_X'
   29 | #  define QT_DEPRECATED_X(text) Q_DECL_DEPRECATED_X(text)
      |                                 ^
/opt/homebrew/lib/QtCore.framework/Headers/qcompilerdetection.h:1011:36: note: expanded from macro 'Q_DECL_DEPRECATED_X'
 1011 | #  define Q_DECL_DEPRECATED_X(x) [[deprecated(x)]]
      |                                    ^
11 warnings generated.
compiling editdictionaries.cc
compiling loaddictionaries.cc
compiling transliteration.cc
2 warnings generated.
compiling romaji.cc
compiling belarusiantranslit.cc
compiling russiantranslit.cc
compiling german.cc
compiling website.cc
compiling orderandprops.cc
compiling language.cc
compiling dictionarybar.cc
compiling broken_xrecord.cc
compiling history.cc
compiling atomic_rename.cc
compiling articlewebview.cc
compiling zipfile.cc
compiling indexedzip.cc
compiling termination.cc
compiling greektranslit.cc
compiling webmultimediadownload.cc
compiling forvo.cc
articlewebview.cc:109:17: warning: 'QMouseEvent' is deprecated: Use another constructor [-Wdeprecated-declarations]
  109 |     QMouseEvent ev( QEvent::MouseButtonDblClick, event->pos(), Qt::LeftButton, Qt::LeftButton, event->modifiers() );
      |                 ^
/opt/homebrew/lib/QtGui.framework/Headers/qevent.h:201:5: note: 'QMouseEvent' has been explicitly marked deprecated here
  201 |     QT_DEPRECATED_VERSION_X_6_4("Use another constructor")
      |     ^
/opt/homebrew/lib/QtCore.framework/Headers/qtdeprecationmarkers.h:173:44: note: expanded from macro 'QT_DEPRECATED_VERSION_X_6_4'
  173 | # define QT_DEPRECATED_VERSION_X_6_4(text) QT_DEPRECATED_X(text)
      |                                            ^
/opt/homebrew/lib/QtCore.framework/Headers/qtdeprecationmarkers.h:29:33: note: expanded from macro 'QT_DEPRECATED_X'
   29 | #  define QT_DEPRECATED_X(text) Q_DECL_DEPRECATED_X(text)
      |                                 ^
/opt/homebrew/lib/QtCore.framework/Headers/qcompilerdetection.h:1011:36: note: expanded from macro 'Q_DECL_DEPRECATED_X'
 1011 | #  define Q_DECL_DEPRECATED_X(x) [[deprecated(x)]]
      |                                    ^
articlewebview.cc:131:17: warning: 'x' is deprecated: Use position() [-Wdeprecated-declarations]
  131 |   if ( ( event->x() < width() - scrollBarWidth ) &&
      |                 ^
/opt/homebrew/lib/QtGui.framework/Headers/qevent.h:226:5: note: 'x' has been explicitly marked deprecated here
  226 |     QT_DEPRECATED_VERSION_X_6_0("Use position()")
      |     ^
/opt/homebrew/lib/QtCore.framework/Headers/qtdeprecationmarkers.h:141:44: note: expanded from macro 'QT_DEPRECATED_VERSION_X_6_0'
  141 | # define QT_DEPRECATED_VERSION_X_6_0(text) QT_DEPRECATED_X(text)
      |                                            ^
/opt/homebrew/lib/QtCore.framework/Headers/qtdeprecationmarkers.h:29:33: note: expanded from macro 'QT_DEPRECATED_X'
   29 | #  define QT_DEPRECATED_X(text) Q_DECL_DEPRECATED_X(text)
      |                                 ^
/opt/homebrew/lib/QtCore.framework/Headers/qcompilerdetection.h:1011:36: note: expanded from macro 'Q_DECL_DEPRECATED_X'
 1011 | #  define Q_DECL_DEPRECATED_X(x) [[deprecated(x)]]
      |                                    ^
articlewebview.cc:132:17: warning: 'y' is deprecated: Use position() [-Wdeprecated-declarations]
  132 |        ( event->y() < height() - scrollBarHeight ) )
      |                 ^
/opt/homebrew/lib/QtGui.framework/Headers/qevent.h:228:5: note: 'y' has been explicitly marked deprecated here
  228 |     QT_DEPRECATED_VERSION_X_6_0("Use position()")
      |     ^
/opt/homebrew/lib/QtCore.framework/Headers/qtdeprecationmarkers.h:141:44: note: expanded from macro 'QT_DEPRECATED_VERSION_X_6_0'
  141 | # define QT_DEPRECATED_VERSION_X_6_0(text) QT_DEPRECATED_X(text)
      |                                            ^
/opt/homebrew/lib/QtCore.framework/Headers/qtdeprecationmarkers.h:29:33: note: expanded from macro 'QT_DEPRECATED_X'
   29 | #  define QT_DEPRECATED_X(text) Q_DECL_DEPRECATED_X(text)
      |                                 ^
/opt/homebrew/lib/QtCore.framework/Headers/qcompilerdetection.h:1011:36: note: expanded from macro 'Q_DECL_DEPRECATED_X'
 1011 | #  define Q_DECL_DEPRECATED_X(x) [[deprecated(x)]]
      |                                    ^
3 warnings generated.
compiling country.cc
compiling about.cc
compiling programs.cc
compiling parsecmdline.cc
compiling maintabwidget.cc
compiling mainstatusbar.cc
compiling gdappstyle.cc
compiling ufile.cc
compiling xdxf.cc
compiling sdict.cc
forvo.cc:227:16: warning: 'setContent' is deprecated: Use the overload taking ParseOptions instead. [-Wdeprecated-declarations]
  227 |       if ( !dd.setContent( netReply.get(), false, &errorStr, &errorLine, &errorColumn  ) )
      |                ^
/opt/homebrew/lib/QtXml.framework/Headers/qdom.h:399:5: note: 'setContent' has been explicitly marked deprecated here
  399 |     QT_DEPRECATED_VERSION_X_6_8("Use the overload taking ParseOptions instead.")
      |     ^
/opt/homebrew/lib/QtCore.framework/Headers/qtdeprecationmarkers.h:205:44: note: expanded from macro 'QT_DEPRECATED_VERSION_X_6_8'
  205 | # define QT_DEPRECATED_VERSION_X_6_8(text) QT_DEPRECATED_X(text)
      |                                            ^
/opt/homebrew/lib/QtCore.framework/Headers/qtdeprecationmarkers.h:29:33: note: expanded from macro 'QT_DEPRECATED_X'
   29 | #  define QT_DEPRECATED_X(text) Q_DECL_DEPRECATED_X(text)
      |                                 ^
/opt/homebrew/lib/QtCore.framework/Headers/qcompilerdetection.h:1011:36: note: expanded from macro 'Q_DECL_DEPRECATED_X'
 1011 | #  define Q_DECL_DEPRECATED_X(x) [[deprecated(x)]]
      |                                    ^
maintabwidget.cc:59:14: warning: 'y' is deprecated: Use position() [-Wdeprecated-declarations]
   59 |     if( mev->y() >= tabBar()->rect().y()
      |              ^
/opt/homebrew/lib/QtGui.framework/Headers/qevent.h:228:5: note: 'y' has been explicitly marked deprecated here
  228 |     QT_DEPRECATED_VERSION_X_6_0("Use position()")
      |     ^
/opt/homebrew/lib/QtCore.framework/Headers/qtdeprecationmarkers.h:141:44: note: expanded from macro 'QT_DEPRECATED_VERSION_X_6_0'
  141 | # define QT_DEPRECATED_VERSION_X_6_0(text) QT_DEPRECATED_X(text)
      |                                            ^
/opt/homebrew/lib/QtCore.framework/Headers/qtdeprecationmarkers.h:29:33: note: expanded from macro 'QT_DEPRECATED_X'
   29 | #  define QT_DEPRECATED_X(text) Q_DECL_DEPRECATED_X(text)
      |                                 ^
/opt/homebrew/lib/QtCore.framework/Headers/qcompilerdetection.h:1011:36: note: expanded from macro 'Q_DECL_DEPRECATED_X'
 1011 | #  define Q_DECL_DEPRECATED_X(x) [[deprecated(x)]]
      |                                    ^
maintabwidget.cc:60:17: warning: 'y' is deprecated: Use position() [-Wdeprecated-declarations]
   60 |         && mev->y() <= tabBar()->rect().y() + tabBar()->rect().height()
      |                 ^
/opt/homebrew/lib/QtGui.framework/Headers/qevent.h:228:5: note: 'y' has been explicitly marked deprecated here
  228 |     QT_DEPRECATED_VERSION_X_6_0("Use position()")
      |     ^
/opt/homebrew/lib/QtCore.framework/Headers/qtdeprecationmarkers.h:141:44: note: expanded from macro 'QT_DEPRECATED_VERSION_X_6_0'
  141 | # define QT_DEPRECATED_VERSION_X_6_0(text) QT_DEPRECATED_X(text)
      |                                            ^
/opt/homebrew/lib/QtCore.framework/Headers/qtdeprecationmarkers.h:29:33: note: expanded from macro 'QT_DEPRECATED_X'
   29 | #  define QT_DEPRECATED_X(text) Q_DECL_DEPRECATED_X(text)
      |                                 ^
/opt/homebrew/lib/QtCore.framework/Headers/qcompilerdetection.h:1011:36: note: expanded from macro 'Q_DECL_DEPRECATED_X'
 1011 | #  define Q_DECL_DEPRECATED_X(x) [[deprecated(x)]]
      |                                    ^
2 warnings generated.
compiling decompress.cc
compiling aard.cc
compiling mruqmenu.cc
compiling dictinfo.cc
compiling zipsounds.cc
1 warning generated.
compiling stylescombobox.cc
compiling extlineedit.cc
compiling translatebox.cc
compiling historypanewidget.cc
compiling wordlist.cc
compiling mdictparser.cc
compiling mdx.cc
compiling voiceengines.cc
mdictparser.cc:219:19: warning: 'fromUtf16' is deprecated: Use char16_t* overload. [-Wdeprecated-declarations]
  219 |   return QString::fromUtf16( ( const ushort * )&result.front() );
      |                   ^
/opt/homebrew/lib/QtCore.framework/Headers/qstring.h:774:5: note: 'fromUtf16' has been explicitly marked deprecated here
  774 |     QT_DEPRECATED_VERSION_X_6_0("Use char16_t* overload.")
      |     ^
/opt/homebrew/lib/QtCore.framework/Headers/qtdeprecationmarkers.h:141:44: note: expanded from macro 'QT_DEPRECATED_VERSION_X_6_0'
  141 | # define QT_DEPRECATED_VERSION_X_6_0(text) QT_DEPRECATED_X(text)
      |                                            ^
/opt/homebrew/lib/QtCore.framework/Headers/qtdeprecationmarkers.h:29:33: note: expanded from macro 'QT_DEPRECATED_X'
   29 | #  define QT_DEPRECATED_X(text) Q_DECL_DEPRECATED_X(text)
      |                                 ^
/opt/homebrew/lib/QtCore.framework/Headers/qcompilerdetection.h:1011:36: note: expanded from macro 'Q_DECL_DEPRECATED_X'
 1011 | #  define Q_DECL_DEPRECATED_X(x) [[deprecated(x)]]
      |                                    ^
compiling ffmpegaudio.cc
compiling articleinspector.cc
compiling delegate.cc
compiling zim.cc
1 warning generated.
compiling gddebug.cc
compiling gestures.cc
compiling tiff.cc
ffmpegaudio.cc:16:10: fatal error: 'ao/ao.h' file not found
   16 | #include <ao/ao.h>
      |          ^~~~~~~~~
1 error generated.
make: *** [build/ffmpegaudio.o] Error 1
make: *** Waiting for unfinished jobs....
mdx.cc:331:3: warning: ignoring return value of function declared with 'nodiscard' attribute [-Wunused-result]
  331 |   dictFile.open( QIODevice::ReadOnly );
      |   ^~~~~~~~~~~~~  ~~~~~~~~~~~~~~~~~~~
mdx.cc:694:10: warning: 'addData' is deprecated: Use the QByteArrayView overload instead [-Wdeprecated-declarations]
  694 |     hash.addData( articleBody.data(), articleBody.size() );
      |          ^
/opt/homebrew/lib/QtCore.framework/Headers/qcryptographichash.h:75:5: note: 'addData' has been explicitly marked deprecated here
   75 |     QT_DEPRECATED_VERSION_X_6_4("Use the QByteArrayView overload instead")
      |     ^
/opt/homebrew/lib/QtCore.framework/Headers/qtdeprecationmarkers.h:173:44: note: expanded from macro 'QT_DEPRECATED_VERSION_X_6_4'
  173 | # define QT_DEPRECATED_VERSION_X_6_4(text) QT_DEPRECATED_X(text)
      |                                            ^
/opt/homebrew/lib/QtCore.framework/Headers/qtdeprecationmarkers.h:29:33: note: expanded from macro 'QT_DEPRECATED_X'
   29 | #  define QT_DEPRECATED_X(text) Q_DECL_DEPRECATED_X(text)
      |                                 ^
/opt/homebrew/lib/QtCore.framework/Headers/qcompilerdetection.h:1011:36: note: expanded from macro 'Q_DECL_DEPRECATED_X'
 1011 | #  define Q_DECL_DEPRECATED_X(x) [[deprecated(x)]]
      |                                    ^
mdx.cc:825:10: warning: 'addData' is deprecated: Use the QByteArrayView overload instead [-Wdeprecated-declarations]
  825 |     hash.addData( u8ResourceName.data(), u8ResourceName.size() );
      |          ^
/opt/homebrew/lib/QtCore.framework/Headers/qcryptographichash.h:75:5: note: 'addData' has been explicitly marked deprecated here
   75 |     QT_DEPRECATED_VERSION_X_6_4("Use the QByteArrayView overload instead")
      |     ^
/opt/homebrew/lib/QtCore.framework/Headers/qtdeprecationmarkers.h:173:44: note: expanded from macro 'QT_DEPRECATED_VERSION_X_6_4'
  173 | # define QT_DEPRECATED_VERSION_X_6_4(text) QT_DEPRECATED_X(text)
      |                                            ^
/opt/homebrew/lib/QtCore.framework/Headers/qtdeprecationmarkers.h:29:33: note: expanded from macro 'QT_DEPRECATED_X'
   29 | #  define QT_DEPRECATED_X(text) Q_DECL_DEPRECATED_X(text)
      |                                 ^
/opt/homebrew/lib/QtCore.framework/Headers/qcompilerdetection.h:1011:36: note: expanded from macro 'Q_DECL_DEPRECATED_X'
 1011 | #  define Q_DECL_DEPRECATED_X(x) [[deprecated(x)]]
      |                                    ^
mdx.cc:1425:14: warning: 'addData' is deprecated: Use the QByteArrayView overload instead [-Wdeprecated-declarations]
 1425 |         hash.addData( u8ResourceName.data(), u8ResourceName.size() );
      |              ^
/opt/homebrew/lib/QtCore.framework/Headers/qcryptographichash.h:75:5: note: 'addData' has been explicitly marked deprecated here
   75 |     QT_DEPRECATED_VERSION_X_6_4("Use the QByteArrayView overload instead")
      |     ^
/opt/homebrew/lib/QtCore.framework/Headers/qtdeprecationmarkers.h:173:44: note: expanded from macro 'QT_DEPRECATED_VERSION_X_6_4'
  173 | # define QT_DEPRECATED_VERSION_X_6_4(text) QT_DEPRECATED_X(text)
      |                                            ^
/opt/homebrew/lib/QtCore.framework/Headers/qtdeprecationmarkers.h:29:33: note: expanded from macro 'QT_DEPRECATED_X'
   29 | #  define QT_DEPRECATED_X(text) Q_DECL_DEPRECATED_X(text)
      |                                 ^
/opt/homebrew/lib/QtCore.framework/Headers/qcompilerdetection.h:1011:36: note: expanded from macro 'Q_DECL_DEPRECATED_X'
 1011 | #  define Q_DECL_DEPRECATED_X(x) [[deprecated(x)]]
      |                                    ^
tiff.cc:9:10: fatal error: 'tiff/tiff.h' file not found
    9 | #include "tiff/tiff.h"
      |          ^~~~~~~~~~~~~
1 error generated.
make: *** [build/tiff.o] Error 1
4 warnings generated.
gestures.cc:96:41: warning: 'touchPoints' is deprecated: Use points() [-Wdeprecated-declarations]
   96 |         fewTouchPointsPresented = ( ev->touchPoints().size() > 1 );
      |                                         ^
/opt/homebrew/lib/QtGui.framework/Headers/qevent.h:943:5: note: 'touchPoints' has been explicitly marked deprecated here
  943 |     QT_DEPRECATED_VERSION_X_6_0("Use points()")
      |     ^
/opt/homebrew/lib/QtCore.framework/Headers/qtdeprecationmarkers.h:141:44: note: expanded from macro 'QT_DEPRECATED_VERSION_X_6_0'
  141 | # define QT_DEPRECATED_VERSION_X_6_0(text) QT_DEPRECATED_X(text)
      |                                            ^
/opt/homebrew/lib/QtCore.framework/Headers/qtdeprecationmarkers.h:29:33: note: expanded from macro 'QT_DEPRECATED_X'
   29 | #  define QT_DEPRECATED_X(text) Q_DECL_DEPRECATED_X(text)
      |                                 ^
/opt/homebrew/lib/QtCore.framework/Headers/qcompilerdetection.h:1011:36: note: expanded from macro 'Q_DECL_DEPRECATED_X'
 1011 | #  define Q_DECL_DEPRECATED_X(x) [[deprecated(x)]]
      |                                    ^
gestures.cc:97:18: warning: 'touchPoints' is deprecated: Use points() [-Wdeprecated-declarations]
   97 |         if ( ev->touchPoints().size() == 2 )
      |                  ^
/opt/homebrew/lib/QtGui.framework/Headers/qevent.h:943:5: note: 'touchPoints' has been explicitly marked deprecated here
  943 |     QT_DEPRECATED_VERSION_X_6_0("Use points()")
      |     ^
/opt/homebrew/lib/QtCore.framework/Headers/qtdeprecationmarkers.h:141:44: note: expanded from macro 'QT_DEPRECATED_VERSION_X_6_0'
  141 | # define QT_DEPRECATED_VERSION_X_6_0(text) QT_DEPRECATED_X(text)
      |                                            ^
/opt/homebrew/lib/QtCore.framework/Headers/qtdeprecationmarkers.h:29:33: note: expanded from macro 'QT_DEPRECATED_X'
   29 | #  define QT_DEPRECATED_X(text) Q_DECL_DEPRECATED_X(text)
      |                                 ^
/opt/homebrew/lib/QtCore.framework/Headers/qcompilerdetection.h:1011:36: note: expanded from macro 'Q_DECL_DEPRECATED_X'
 1011 | #  define Q_DECL_DEPRECATED_X(x) [[deprecated(x)]]
      |                                    ^
gestures.cc:99:44: warning: 'touchPoints' is deprecated: Use points() [-Wdeprecated-declarations]
   99 |           QTouchEvent::TouchPoint p1 = ev->touchPoints().at( 0 );
      |                                            ^
/opt/homebrew/lib/QtGui.framework/Headers/qevent.h:943:5: note: 'touchPoints' has been explicitly marked deprecated here
  943 |     QT_DEPRECATED_VERSION_X_6_0("Use points()")
      |     ^
/opt/homebrew/lib/QtCore.framework/Headers/qtdeprecationmarkers.h:141:44: note: expanded from macro 'QT_DEPRECATED_VERSION_X_6_0'
  141 | # define QT_DEPRECATED_VERSION_X_6_0(text) QT_DEPRECATED_X(text)
      |                                            ^
/opt/homebrew/lib/QtCore.framework/Headers/qtdeprecationmarkers.h:29:33: note: expanded from macro 'QT_DEPRECATED_X'
   29 | #  define QT_DEPRECATED_X(text) Q_DECL_DEPRECATED_X(text)
      |                                 ^
/opt/homebrew/lib/QtCore.framework/Headers/qcompilerdetection.h:1011:36: note: expanded from macro 'Q_DECL_DEPRECATED_X'
 1011 | #  define Q_DECL_DEPRECATED_X(x) [[deprecated(x)]]
      |                                    ^
gestures.cc:100:44: warning: 'touchPoints' is deprecated: Use points() [-Wdeprecated-declarations]
  100 |           QTouchEvent::TouchPoint p2 = ev->touchPoints().at( 1 );
      |                                            ^
/opt/homebrew/lib/QtGui.framework/Headers/qevent.h:943:5: note: 'touchPoints' has been explicitly marked deprecated here
  943 |     QT_DEPRECATED_VERSION_X_6_0("Use points()")
      |     ^
/opt/homebrew/lib/QtCore.framework/Headers/qtdeprecationmarkers.h:141:44: note: expanded from macro 'QT_DEPRECATED_VERSION_X_6_0'
  141 | # define QT_DEPRECATED_VERSION_X_6_0(text) QT_DEPRECATED_X(text)
      |                                            ^
/opt/homebrew/lib/QtCore.framework/Headers/qtdeprecationmarkers.h:29:33: note: expanded from macro 'QT_DEPRECATED_X'
   29 | #  define QT_DEPRECATED_X(text) Q_DECL_DEPRECATED_X(text)
      |                                 ^
/opt/homebrew/lib/QtCore.framework/Headers/qcompilerdetection.h:1011:36: note: expanded from macro 'Q_DECL_DEPRECATED_X'
 1011 | #  define Q_DECL_DEPRECATED_X(x) [[deprecated(x)]]
      |                                    ^
gestures.cc:102:38: warning: 'screenPos' is deprecated: Use globalPosition() [-Wdeprecated-declarations]
  102 |           QPointF centerPoint = ( p1.screenPos() + p2.screenPos() ) / 2.0;
      |                                      ^
/opt/homebrew/lib/QtGui.framework/Headers/qeventpoint.h:94:5: note: 'screenPos' has been explicitly marked deprecated here
   94 |     QT_DEPRECATED_VERSION_X_6_0("Use globalPosition()")
      |     ^
/opt/homebrew/lib/QtCore.framework/Headers/qtdeprecationmarkers.h:141:44: note: expanded from macro 'QT_DEPRECATED_VERSION_X_6_0'
  141 | # define QT_DEPRECATED_VERSION_X_6_0(text) QT_DEPRECATED_X(text)
      |                                            ^
/opt/homebrew/lib/QtCore.framework/Headers/qtdeprecationmarkers.h:29:33: note: expanded from macro 'QT_DEPRECATED_X'
   29 | #  define QT_DEPRECATED_X(text) Q_DECL_DEPRECATED_X(text)
      |                                 ^
/opt/homebrew/lib/QtCore.framework/Headers/qcompilerdetection.h:1011:36: note: expanded from macro 'Q_DECL_DEPRECATED_X'
 1011 | #  define Q_DECL_DEPRECATED_X(x) [[deprecated(x)]]
      |                                    ^
gestures.cc:102:55: warning: 'screenPos' is deprecated: Use globalPosition() [-Wdeprecated-declarations]
  102 |           QPointF centerPoint = ( p1.screenPos() + p2.screenPos() ) / 2.0;
      |                                                       ^
/opt/homebrew/lib/QtGui.framework/Headers/qeventpoint.h:94:5: note: 'screenPos' has been explicitly marked deprecated here
   94 |     QT_DEPRECATED_VERSION_X_6_0("Use globalPosition()")
      |     ^
/opt/homebrew/lib/QtCore.framework/Headers/qtdeprecationmarkers.h:141:44: note: expanded from macro 'QT_DEPRECATED_VERSION_X_6_0'
  141 | # define QT_DEPRECATED_VERSION_X_6_0(text) QT_DEPRECATED_X(text)
      |                                            ^
/opt/homebrew/lib/QtCore.framework/Headers/qtdeprecationmarkers.h:29:33: note: expanded from macro 'QT_DEPRECATED_X'
   29 | #  define QT_DEPRECATED_X(text) Q_DECL_DEPRECATED_X(text)
      |                                 ^
/opt/homebrew/lib/QtCore.framework/Headers/qcompilerdetection.h:1011:36: note: expanded from macro 'Q_DECL_DEPRECATED_X'
 1011 | #  define Q_DECL_DEPRECATED_X(x) [[deprecated(x)]]
      |                                    ^
gestures.cc:106:43: warning: 'screenPos' is deprecated: Use globalPosition() [-Wdeprecated-declarations]
  106 |             gest->startPosition[ 0 ] = p1.screenPos();
      |                                           ^
/opt/homebrew/lib/QtGui.framework/Headers/qeventpoint.h:94:5: note: 'screenPos' has been explicitly marked deprecated here
   94 |     QT_DEPRECATED_VERSION_X_6_0("Use globalPosition()")
      |     ^
/opt/homebrew/lib/QtCore.framework/Headers/qtdeprecationmarkers.h:141:44: note: expanded from macro 'QT_DEPRECATED_VERSION_X_6_0'
  141 | # define QT_DEPRECATED_VERSION_X_6_0(text) QT_DEPRECATED_X(text)
      |                                            ^
/opt/homebrew/lib/QtCore.framework/Headers/qtdeprecationmarkers.h:29:33: note: expanded from macro 'QT_DEPRECATED_X'
   29 | #  define QT_DEPRECATED_X(text) Q_DECL_DEPRECATED_X(text)
      |                                 ^
/opt/homebrew/lib/QtCore.framework/Headers/qcompilerdetection.h:1011:36: note: expanded from macro 'Q_DECL_DEPRECATED_X'
 1011 | #  define Q_DECL_DEPRECATED_X(x) [[deprecated(x)]]
      |                                    ^
gestures.cc:107:43: warning: 'screenPos' is deprecated: Use globalPosition() [-Wdeprecated-declarations]
  107 |             gest->startPosition[ 1 ] = p2.screenPos();
      |                                           ^
/opt/homebrew/lib/QtGui.framework/Headers/qeventpoint.h:94:5: note: 'screenPos' has been explicitly marked deprecated here
   94 |     QT_DEPRECATED_VERSION_X_6_0("Use globalPosition()")
      |     ^
/opt/homebrew/lib/QtCore.framework/Headers/qtdeprecationmarkers.h:141:44: note: expanded from macro 'QT_DEPRECATED_VERSION_X_6_0'
  141 | # define QT_DEPRECATED_VERSION_X_6_0(text) QT_DEPRECATED_X(text)
      |                                            ^
/opt/homebrew/lib/QtCore.framework/Headers/qtdeprecationmarkers.h:29:33: note: expanded from macro 'QT_DEPRECATED_X'
   29 | #  define QT_DEPRECATED_X(text) Q_DECL_DEPRECATED_X(text)
      |                                 ^
/opt/homebrew/lib/QtCore.framework/Headers/qcompilerdetection.h:1011:36: note: expanded from macro 'Q_DECL_DEPRECATED_X'
 1011 | #  define Q_DECL_DEPRECATED_X(x) [[deprecated(x)]]
      |                                    ^
gestures.cc:125:29: warning: 'screenPos' is deprecated: Use globalPosition() [-Wdeprecated-declarations]
  125 |             QLineF line( p1.screenPos(), p2.screenPos() );
      |                             ^
/opt/homebrew/lib/QtGui.framework/Headers/qeventpoint.h:94:5: note: 'screenPos' has been explicitly marked deprecated here
   94 |     QT_DEPRECATED_VERSION_X_6_0("Use globalPosition()")
      |     ^
/opt/homebrew/lib/QtCore.framework/Headers/qtdeprecationmarkers.h:141:44: note: expanded from macro 'QT_DEPRECATED_VERSION_X_6_0'
  141 | # define QT_DEPRECATED_VERSION_X_6_0(text) QT_DEPRECATED_X(text)
      |                                            ^
/opt/homebrew/lib/QtCore.framework/Headers/qtdeprecationmarkers.h:29:33: note: expanded from macro 'QT_DEPRECATED_X'
   29 | #  define QT_DEPRECATED_X(text) Q_DECL_DEPRECATED_X(text)
      |                                 ^
/opt/homebrew/lib/QtCore.framework/Headers/qcompilerdetection.h:1011:36: note: expanded from macro 'Q_DECL_DEPRECATED_X'
 1011 | #  define Q_DECL_DEPRECATED_X(x) [[deprecated(x)]]
      |                                    ^
gestures.cc:125:45: warning: 'screenPos' is deprecated: Use globalPosition() [-Wdeprecated-declarations]
  125 |             QLineF line( p1.screenPos(), p2.screenPos() );
      |                                             ^
/opt/homebrew/lib/QtGui.framework/Headers/qeventpoint.h:94:5: note: 'screenPos' has been explicitly marked deprecated here
   94 |     QT_DEPRECATED_VERSION_X_6_0("Use globalPosition()")
      |     ^
/opt/homebrew/lib/QtCore.framework/Headers/qtdeprecationmarkers.h:141:44: note: expanded from macro 'QT_DEPRECATED_VERSION_X_6_0'
  141 | # define QT_DEPRECATED_VERSION_X_6_0(text) QT_DEPRECATED_X(text)
      |                                            ^
/opt/homebrew/lib/QtCore.framework/Headers/qtdeprecationmarkers.h:29:33: note: expanded from macro 'QT_DEPRECATED_X'
   29 | #  define QT_DEPRECATED_X(text) Q_DECL_DEPRECATED_X(text)
      |                                 ^
/opt/homebrew/lib/QtCore.framework/Headers/qcompilerdetection.h:1011:36: note: expanded from macro 'Q_DECL_DEPRECATED_X'
 1011 | #  define Q_DECL_DEPRECATED_X(x) [[deprecated(x)]]
      |                                    ^
gestures.cc:126:33: warning: 'lastScreenPos' is deprecated: Use globalLastPosition() [-Wdeprecated-declarations]
  126 |             QLineF lastLine( p1.lastScreenPos(),  p2.lastScreenPos() );
      |                                 ^
/opt/homebrew/lib/QtGui.framework/Headers/qeventpoint.h:106:5: note: 'lastScreenPos' has been explicitly marked deprecated here
  106 |     QT_DEPRECATED_VERSION_X_6_0("Use globalLastPosition()")
      |     ^
/opt/homebrew/lib/QtCore.framework/Headers/qtdeprecationmarkers.h:141:44: note: expanded from macro 'QT_DEPRECATED_VERSION_X_6_0'
  141 | # define QT_DEPRECATED_VERSION_X_6_0(text) QT_DEPRECATED_X(text)
      |                                            ^
/opt/homebrew/lib/QtCore.framework/Headers/qtdeprecationmarkers.h:29:33: note: expanded from macro 'QT_DEPRECATED_X'
   29 | #  define QT_DEPRECATED_X(text) Q_DECL_DEPRECATED_X(text)
      |                                 ^
/opt/homebrew/lib/QtCore.framework/Headers/qcompilerdetection.h:1011:36: note: expanded from macro 'Q_DECL_DEPRECATED_X'
 1011 | #  define Q_DECL_DEPRECATED_X(x) [[deprecated(x)]]
      |                                    ^
gestures.cc:126:54: warning: 'lastScreenPos' is deprecated: Use globalLastPosition() [-Wdeprecated-declarations]
  126 |             QLineF lastLine( p1.lastScreenPos(),  p2.lastScreenPos() );
      |                                                      ^
/opt/homebrew/lib/QtGui.framework/Headers/qeventpoint.h:106:5: note: 'lastScreenPos' has been explicitly marked deprecated here
  106 |     QT_DEPRECATED_VERSION_X_6_0("Use globalLastPosition()")
      |     ^
/opt/homebrew/lib/QtCore.framework/Headers/qtdeprecationmarkers.h:141:44: note: expanded from macro 'QT_DEPRECATED_VERSION_X_6_0'
  141 | # define QT_DEPRECATED_VERSION_X_6_0(text) QT_DEPRECATED_X(text)
      |                                            ^
/opt/homebrew/lib/QtCore.framework/Headers/qtdeprecationmarkers.h:29:33: note: expanded from macro 'QT_DEPRECATED_X'
   29 | #  define QT_DEPRECATED_X(text) Q_DECL_DEPRECATED_X(text)
      |                                 ^
/opt/homebrew/lib/QtCore.framework/Headers/qcompilerdetection.h:1011:36: note: expanded from macro 'Q_DECL_DEPRECATED_X'
 1011 | #  define Q_DECL_DEPRECATED_X(x) [[deprecated(x)]]
      |                                    ^
gestures.cc:240:41: warning: 'touchPoints' is deprecated: Use points() [-Wdeprecated-declarations]
  240 |         fewTouchPointsPresented = ( ev->touchPoints().size() > 1 );
      |                                         ^
/opt/homebrew/lib/QtGui.framework/Headers/qevent.h:943:5: note: 'touchPoints' has been explicitly marked deprecated here
  943 |     QT_DEPRECATED_VERSION_X_6_0("Use points()")
      |     ^
/opt/homebrew/lib/QtCore.framework/Headers/qtdeprecationmarkers.h:141:44: note: expanded from macro 'QT_DEPRECATED_VERSION_X_6_0'
  141 | # define QT_DEPRECATED_VERSION_X_6_0(text) QT_DEPRECATED_X(text)
      |                                            ^
/opt/homebrew/lib/QtCore.framework/Headers/qtdeprecationmarkers.h:29:33: note: expanded from macro 'QT_DEPRECATED_X'
   29 | #  define QT_DEPRECATED_X(text) Q_DECL_DEPRECATED_X(text)
      |                                 ^
/opt/homebrew/lib/QtCore.framework/Headers/qcompilerdetection.h:1011:36: note: expanded from macro 'Q_DECL_DEPRECATED_X'
 1011 | #  define Q_DECL_DEPRECATED_X(x) [[deprecated(x)]]
      |                                    ^
gestures.cc:244:17: warning: 'touchPoints' is deprecated: Use points() [-Wdeprecated-declarations]
  244 |         if( ev->touchPoints().size() == 2 )
      |                 ^
/opt/homebrew/lib/QtGui.framework/Headers/qevent.h:943:5: note: 'touchPoints' has been explicitly marked deprecated here
  943 |     QT_DEPRECATED_VERSION_X_6_0("Use points()")
      |     ^
/opt/homebrew/lib/QtCore.framework/Headers/qtdeprecationmarkers.h:141:44: note: expanded from macro 'QT_DEPRECATED_VERSION_X_6_0'
  141 | # define QT_DEPRECATED_VERSION_X_6_0(text) QT_DEPRECATED_X(text)
      |                                            ^
/opt/homebrew/lib/QtCore.framework/Headers/qtdeprecationmarkers.h:29:33: note: expanded from macro 'QT_DEPRECATED_X'
   29 | #  define QT_DEPRECATED_X(text) Q_DECL_DEPRECATED_X(text)
      |                                 ^
/opt/homebrew/lib/QtCore.framework/Headers/qcompilerdetection.h:1011:36: note: expanded from macro 'Q_DECL_DEPRECATED_X'
 1011 | #  define Q_DECL_DEPRECATED_X(x) [[deprecated(x)]]
      |                                    ^
gestures.cc:248:44: warning: 'touchPoints' is deprecated: Use points() [-Wdeprecated-declarations]
  248 |           QTouchEvent::TouchPoint p1 = ev->touchPoints().at( 0 );
      |                                            ^
/opt/homebrew/lib/QtGui.framework/Headers/qevent.h:943:5: note: 'touchPoints' has been explicitly marked deprecated here
  943 |     QT_DEPRECATED_VERSION_X_6_0("Use points()")
      |     ^
/opt/homebrew/lib/QtCore.framework/Headers/qtdeprecationmarkers.h:141:44: note: expanded from macro 'QT_DEPRECATED_VERSION_X_6_0'
  141 | # define QT_DEPRECATED_VERSION_X_6_0(text) QT_DEPRECATED_X(text)
      |                                            ^
/opt/homebrew/lib/QtCore.framework/Headers/qtdeprecationmarkers.h:29:33: note: expanded from macro 'QT_DEPRECATED_X'
   29 | #  define QT_DEPRECATED_X(text) Q_DECL_DEPRECATED_X(text)
      |                                 ^
/opt/homebrew/lib/QtCore.framework/Headers/qcompilerdetection.h:1011:36: note: expanded from macro 'Q_DECL_DEPRECATED_X'
 1011 | #  define Q_DECL_DEPRECATED_X(x) [[deprecated(x)]]
      |                                    ^
gestures.cc:249:44: warning: 'touchPoints' is deprecated: Use points() [-Wdeprecated-declarations]
  249 |           QTouchEvent::TouchPoint p2 = ev->touchPoints().at( 1 );
      |                                            ^
/opt/homebrew/lib/QtGui.framework/Headers/qevent.h:943:5: note: 'touchPoints' has been explicitly marked deprecated here
  943 |     QT_DEPRECATED_VERSION_X_6_0("Use points()")
      |     ^
/opt/homebrew/lib/QtCore.framework/Headers/qtdeprecationmarkers.h:141:44: note: expanded from macro 'QT_DEPRECATED_VERSION_X_6_0'
  141 | # define QT_DEPRECATED_VERSION_X_6_0(text) QT_DEPRECATED_X(text)
      |                                            ^
/opt/homebrew/lib/QtCore.framework/Headers/qtdeprecationmarkers.h:29:33: note: expanded from macro 'QT_DEPRECATED_X'
   29 | #  define QT_DEPRECATED_X(text) Q_DECL_DEPRECATED_X(text)
      |                                 ^
/opt/homebrew/lib/QtCore.framework/Headers/qcompilerdetection.h:1011:36: note: expanded from macro 'Q_DECL_DEPRECATED_X'
 1011 | #  define Q_DECL_DEPRECATED_X(x) [[deprecated(x)]]
      |                                    ^
gestures.cc:252:44: warning: 'startScreenPos' is deprecated: Use globalPressPosition() [-Wdeprecated-declarations]
  252 |             swipe->lastPositions[ 0 ] = p1.startScreenPos().toPoint();
      |                                            ^
/opt/homebrew/lib/QtGui.framework/Headers/qeventpoint.h:96:5: note: 'startScreenPos' has been explicitly marked deprecated here
   96 |     QT_DEPRECATED_VERSION_X_6_0("Use globalPressPosition()")
      |     ^
/opt/homebrew/lib/QtCore.framework/Headers/qtdeprecationmarkers.h:141:44: note: expanded from macro 'QT_DEPRECATED_VERSION_X_6_0'
  141 | # define QT_DEPRECATED_VERSION_X_6_0(text) QT_DEPRECATED_X(text)
      |                                            ^
/opt/homebrew/lib/QtCore.framework/Headers/qtdeprecationmarkers.h:29:33: note: expanded from macro 'QT_DEPRECATED_X'
   29 | #  define QT_DEPRECATED_X(text) Q_DECL_DEPRECATED_X(text)
      |                                 ^
/opt/homebrew/lib/QtCore.framework/Headers/qcompilerdetection.h:1011:36: note: expanded from macro 'Q_DECL_DEPRECATED_X'
 1011 | #  define Q_DECL_DEPRECATED_X(x) [[deprecated(x)]]
      |                                    ^
gestures.cc:253:44: warning: 'startScreenPos' is deprecated: Use globalPressPosition() [-Wdeprecated-declarations]
  253 |             swipe->lastPositions[ 1 ] = p2.startScreenPos().toPoint();
      |                                            ^
/opt/homebrew/lib/QtGui.framework/Headers/qeventpoint.h:96:5: note: 'startScreenPos' has been explicitly marked deprecated here
   96 |     QT_DEPRECATED_VERSION_X_6_0("Use globalPressPosition()")
      |     ^
/opt/homebrew/lib/QtCore.framework/Headers/qtdeprecationmarkers.h:141:44: note: expanded from macro 'QT_DEPRECATED_VERSION_X_6_0'
  141 | # define QT_DEPRECATED_VERSION_X_6_0(text) QT_DEPRECATED_X(text)
      |                                            ^
/opt/homebrew/lib/QtCore.framework/Headers/qtdeprecationmarkers.h:29:33: note: expanded from macro 'QT_DEPRECATED_X'
   29 | #  define QT_DEPRECATED_X(text) Q_DECL_DEPRECATED_X(text)
      |                                 ^
/opt/homebrew/lib/QtCore.framework/Headers/qcompilerdetection.h:1011:36: note: expanded from macro 'Q_DECL_DEPRECATED_X'
 1011 | #  define Q_DECL_DEPRECATED_X(x) [[deprecated(x)]]
      |                                    ^
gestures.cc:258:37: warning: 'startScreenPos' is deprecated: Use globalPressPosition() [-Wdeprecated-declarations]
  258 |             swipe->setHotSpot( ( p1.startScreenPos() + p2.startScreenPos() ) / 2 );
      |                                     ^
/opt/homebrew/lib/QtGui.framework/Headers/qeventpoint.h:96:5: note: 'startScreenPos' has been explicitly marked deprecated here
   96 |     QT_DEPRECATED_VERSION_X_6_0("Use globalPressPosition()")
      |     ^
/opt/homebrew/lib/QtCore.framework/Headers/qtdeprecationmarkers.h:141:44: note: expanded from macro 'QT_DEPRECATED_VERSION_X_6_0'
  141 | # define QT_DEPRECATED_VERSION_X_6_0(text) QT_DEPRECATED_X(text)
      |                                            ^
/opt/homebrew/lib/QtCore.framework/Headers/qtdeprecationmarkers.h:29:33: note: expanded from macro 'QT_DEPRECATED_X'
   29 | #  define QT_DEPRECATED_X(text) Q_DECL_DEPRECATED_X(text)
      |                                 ^
/opt/homebrew/lib/QtCore.framework/Headers/qcompilerdetection.h:1011:36: note: expanded from macro 'Q_DECL_DEPRECATED_X'
 1011 | #  define Q_DECL_DEPRECATED_X(x) [[deprecated(x)]]
      |                                    ^
gestures.cc:258:59: warning: 'startScreenPos' is deprecated: Use globalPressPosition() [-Wdeprecated-declarations]
  258 |             swipe->setHotSpot( ( p1.startScreenPos() + p2.startScreenPos() ) / 2 );
      |                                                           ^
/opt/homebrew/lib/QtGui.framework/Headers/qeventpoint.h:96:5: note: 'startScreenPos' has been explicitly marked deprecated here
   96 |     QT_DEPRECATED_VERSION_X_6_0("Use globalPressPosition()")
      |     ^
/opt/homebrew/lib/QtCore.framework/Headers/qtdeprecationmarkers.h:141:44: note: expanded from macro 'QT_DEPRECATED_VERSION_X_6_0'
  141 | # define QT_DEPRECATED_VERSION_X_6_0(text) QT_DEPRECATED_X(text)
      |                                            ^
/opt/homebrew/lib/QtCore.framework/Headers/qtdeprecationmarkers.h:29:33: note: expanded from macro 'QT_DEPRECATED_X'
   29 | #  define QT_DEPRECATED_X(text) Q_DECL_DEPRECATED_X(text)
      |                                 ^
/opt/homebrew/lib/QtCore.framework/Headers/qcompilerdetection.h:1011:36: note: expanded from macro 'Q_DECL_DEPRECATED_X'
 1011 | #  define Q_DECL_DEPRECATED_X(x) [[deprecated(x)]]
      |                                    ^
gestures.cc:261:24: warning: 'screenPos' is deprecated: Use globalPosition() [-Wdeprecated-declarations]
  261 |           int dx1 = p1.screenPos().toPoint().x() - swipe->lastPositions[ 0 ].x();
      |                        ^
/opt/homebrew/lib/QtGui.framework/Headers/qeventpoint.h:94:5: note: 'screenPos' has been explicitly marked deprecated here
   94 |     QT_DEPRECATED_VERSION_X_6_0("Use globalPosition()")
      |     ^
/opt/homebrew/lib/QtCore.framework/Headers/qtdeprecationmarkers.h:141:44: note: expanded from macro 'QT_DEPRECATED_VERSION_X_6_0'
  141 | # define QT_DEPRECATED_VERSION_X_6_0(text) QT_DEPRECATED_X(text)
      |                                            ^
/opt/homebrew/lib/QtCore.framework/Headers/qtdeprecationmarkers.h:29:33: note: expanded from macro 'QT_DEPRECATED_X'
   29 | #  define QT_DEPRECATED_X(text) Q_DECL_DEPRECATED_X(text)
      |                                 ^
/opt/homebrew/lib/QtCore.framework/Headers/qcompilerdetection.h:1011:36: note: expanded from macro 'Q_DECL_DEPRECATED_X'
 1011 | #  define Q_DECL_DEPRECATED_X(x) [[deprecated(x)]]
      |                                    ^
gestures.cc:262:24: warning: 'screenPos' is deprecated: Use globalPosition() [-Wdeprecated-declarations]
  262 |           int dx2 = p2.screenPos().toPoint().x() - swipe->lastPositions[ 1 ].x();
      |                        ^
/opt/homebrew/lib/QtGui.framework/Headers/qeventpoint.h:94:5: note: 'screenPos' has been explicitly marked deprecated here
   94 |     QT_DEPRECATED_VERSION_X_6_0("Use globalPosition()")
      |     ^
/opt/homebrew/lib/QtCore.framework/Headers/qtdeprecationmarkers.h:141:44: note: expanded from macro 'QT_DEPRECATED_VERSION_X_6_0'
  141 | # define QT_DEPRECATED_VERSION_X_6_0(text) QT_DEPRECATED_X(text)
      |                                            ^
/opt/homebrew/lib/QtCore.framework/Headers/qtdeprecationmarkers.h:29:33: note: expanded from macro 'QT_DEPRECATED_X'
   29 | #  define QT_DEPRECATED_X(text) Q_DECL_DEPRECATED_X(text)
      |                                 ^
/opt/homebrew/lib/QtCore.framework/Headers/qcompilerdetection.h:1011:36: note: expanded from macro 'Q_DECL_DEPRECATED_X'
 1011 | #  define Q_DECL_DEPRECATED_X(x) [[deprecated(x)]]
      |                                    ^
gestures.cc:263:24: warning: 'screenPos' is deprecated: Use globalPosition() [-Wdeprecated-declarations]
  263 |           int dy1 = p1.screenPos().toPoint().y() - swipe->lastPositions[ 0 ].y();
      |                        ^
/opt/homebrew/lib/QtGui.framework/Headers/qeventpoint.h:94:5: note: 'screenPos' has been explicitly marked deprecated here
   94 |     QT_DEPRECATED_VERSION_X_6_0("Use globalPosition()")
      |     ^
/opt/homebrew/lib/QtCore.framework/Headers/qtdeprecationmarkers.h:141:44: note: expanded from macro 'QT_DEPRECATED_VERSION_X_6_0'
  141 | # define QT_DEPRECATED_VERSION_X_6_0(text) QT_DEPRECATED_X(text)
      |                                            ^
/opt/homebrew/lib/QtCore.framework/Headers/qtdeprecationmarkers.h:29:33: note: expanded from macro 'QT_DEPRECATED_X'
   29 | #  define QT_DEPRECATED_X(text) Q_DECL_DEPRECATED_X(text)
      |                                 ^
/opt/homebrew/lib/QtCore.framework/Headers/qcompilerdetection.h:1011:36: note: expanded from macro 'Q_DECL_DEPRECATED_X'
 1011 | #  define Q_DECL_DEPRECATED_X(x) [[deprecated(x)]]
      |                                    ^
gestures.cc:264:24: warning: 'screenPos' is deprecated: Use globalPosition() [-Wdeprecated-declarations]
  264 |           int dy2 = p2.screenPos().toPoint().y() - swipe->lastPositions[ 1 ].y();
      |                        ^
/opt/homebrew/lib/QtGui.framework/Headers/qeventpoint.h:94:5: note: 'screenPos' has been explicitly marked deprecated here
   94 |     QT_DEPRECATED_VERSION_X_6_0("Use globalPosition()")
      |     ^
/opt/homebrew/lib/QtCore.framework/Headers/qtdeprecationmarkers.h:141:44: note: expanded from macro 'QT_DEPRECATED_VERSION_X_6_0'
  141 | # define QT_DEPRECATED_VERSION_X_6_0(text) QT_DEPRECATED_X(text)
      |                                            ^
/opt/homebrew/lib/QtCore.framework/Headers/qtdeprecationmarkers.h:29:33: note: expanded from macro 'QT_DEPRECATED_X'
   29 | #  define QT_DEPRECATED_X(text) Q_DECL_DEPRECATED_X(text)
      |                                 ^
/opt/homebrew/lib/QtCore.framework/Headers/qcompilerdetection.h:1011:36: note: expanded from macro 'Q_DECL_DEPRECATED_X'
 1011 | #  define Q_DECL_DEPRECATED_X(x) [[deprecated(x)]]
      |                                    ^
gestures.cc:293:44: warning: 'screenPos' is deprecated: Use globalPosition() [-Wdeprecated-declarations]
  293 |             swipe->lastPositions[ 0 ] = p1.screenPos().toPoint();
      |                                            ^
/opt/homebrew/lib/QtGui.framework/Headers/qeventpoint.h:94:5: note: 'screenPos' has been explicitly marked deprecated here
   94 |     QT_DEPRECATED_VERSION_X_6_0("Use globalPosition()")
      |     ^
/opt/homebrew/lib/QtCore.framework/Headers/qtdeprecationmarkers.h:141:44: note: expanded from macro 'QT_DEPRECATED_VERSION_X_6_0'
  141 | # define QT_DEPRECATED_VERSION_X_6_0(text) QT_DEPRECATED_X(text)
      |                                            ^
/opt/homebrew/lib/QtCore.framework/Headers/qtdeprecationmarkers.h:29:33: note: expanded from macro 'QT_DEPRECATED_X'
   29 | #  define QT_DEPRECATED_X(text) Q_DECL_DEPRECATED_X(text)
      |                                 ^
/opt/homebrew/lib/QtCore.framework/Headers/qcompilerdetection.h:1011:36: note: expanded from macro 'Q_DECL_DEPRECATED_X'
 1011 | #  define Q_DECL_DEPRECATED_X(x) [[deprecated(x)]]
      |                                    ^
gestures.cc:294:44: warning: 'screenPos' is deprecated: Use globalPosition() [-Wdeprecated-declarations]
  294 |             swipe->lastPositions[ 1 ] = p2.screenPos().toPoint();
      |                                            ^
/opt/homebrew/lib/QtGui.framework/Headers/qeventpoint.h:94:5: note: 'screenPos' has been explicitly marked deprecated here
   94 |     QT_DEPRECATED_VERSION_X_6_0("Use globalPosition()")
      |     ^
/opt/homebrew/lib/QtCore.framework/Headers/qtdeprecationmarkers.h:141:44: note: expanded from macro 'QT_DEPRECATED_VERSION_X_6_0'
  141 | # define QT_DEPRECATED_VERSION_X_6_0(text) QT_DEPRECATED_X(text)
      |                                            ^
/opt/homebrew/lib/QtCore.framework/Headers/qtdeprecationmarkers.h:29:33: note: expanded from macro 'QT_DEPRECATED_X'
   29 | #  define QT_DEPRECATED_X(text) Q_DECL_DEPRECATED_X(text)
      |                                 ^
/opt/homebrew/lib/QtCore.framework/Headers/qcompilerdetection.h:1011:36: note: expanded from macro 'Q_DECL_DEPRECATED_X'
 1011 | #  define Q_DECL_DEPRECATED_X(x) [[deprecated(x)]]
      |                                    ^
26 warnings generated.
